%!Adobe-FontList 1.13
%Locale:0x409

%BeginFont
Handler:DirectoryHandler
FontType:Suitcase
FontName:Didot-HTF-L64-Light-Ital
OutlineFileName:\Didot-HTF-L64-Light-Ital.scr
ResourceID:5915
MacStyle:0
FileLength:11211
FileModTime:1340100992
%EndFont

%BeginFont
Handler:DirectoryHandler
FontType:Suitcase
FontName:Didot-HTF-L64-Light
OutlineFileName:\Didot-HTF-L64-Light.scr
ResourceID:5914
MacStyle:0
FileLength:11975
FileModTime:1340100991
%EndFont

%BeginFont
Handler:DirectoryHandler
FontType:Type1
FontName:Didot-HTF-L64-Light
FamilyName:Didot
StyleName:HTF L64 Light
MenuName:Didot
StyleBits:0
WeightClass:300
WidthClass:5
AngleClass:0
FullName:Didot-HTF-L64-Light
WritingScript:Roman
OutlineFileName:\DidotHTFL64Lig
DataFormat:POSTResource
UsesStandardEncoding:no
isCFF:no
FileLength:39344
FileModTime:1340100991
DesignSize:-1
%EndFont

%BeginFont
Handler:DirectoryHandler
FontType:Type1
FontName:Didot-HTF-L64-Light-Ital
FamilyName:Didot
StyleName:HTF L64 Light Ital
MenuName:Didot
StyleBits:0
WeightClass:300
WidthClass:5
AngleClass:0
FullName:Didot-HTF-L64-Light-Ital
WritingScript:Roman
OutlineFileName:\DidotHTFL64LigIta
DataFormat:POSTResource
UsesStandardEncoding:no
isCFF:no
FileLength:39597
FileModTime:1340100992
DesignSize:-1
%EndFont

%BeginFont
Handler:DirectoryHandler
FontType:Type1
FontName:GaramondPremrPro-It
FamilyName:Garamond Premier Pro
StyleName:Italic
MenuName:Garamond Premr Pro
StyleBits:1
WeightClass:400
WidthClass:5
AngleClass:1
FullName:Garamond Premier Pro Italic
WritingScript:Roman
OutlineFileName:\GaramondPremrPro-It.otf
DataFormat:sfntData
UsesStandardEncoding:yes
isCFF:yes
FileLength:392240
FileModTime:1302016157
DesignSize:60
%EndFont

%BeginFont
Handler:DirectoryHandler
FontType:Type1
FontName:GaramondPremrPro
FamilyName:Garamond Premier Pro
StyleName:Regular
MenuName:Garamond Premr Pro
StyleBits:0
WeightClass:400
WidthClass:5
AngleClass:0
FullName:Garamond Premier Pro
WritingScript:Roman
OutlineFileName:\GaramondPremrPro.otf
DataFormat:sfntData
UsesStandardEncoding:yes
isCFF:yes
FileLength:359040
FileModTime:1302016157
DesignSize:110
%EndFont

%BeginFont
Handler:DirectoryHandler
FontType:Suitcase
FontName:GaramondThree
OutlineFileName:\GaramondThree
ResourceID:14688
MacStyle:0
FileLength:27683
FileModTime:1340101023
%EndFont

%BeginFont
Handler:DirectoryHandler
FontType:Suitcase
FontName:GaramondThree-Italic
OutlineFileName:\GaramondThree-Italic
ResourceID:14687
MacStyle:0
FileLength:25654
FileModTime:1340101024
%EndFont

%BeginFont
Handler:DirectoryHandler
FontType:Type1
FontName:GaramondThree
FamilyName:Garamond 3
StyleName:Medium
MenuName:Garamond 3
StyleBits:0
WeightClass:400
WidthClass:5
AngleClass:0
FullName:Garamond Three
WritingScript:Roman
OutlineFileName:\GaramThr
DataFormat:POSTResource
UsesStandardEncoding:yes
isCFF:no
FileLength:48740
FileModTime:1340101023
DesignSize:-1
%EndFont

%BeginFont
Handler:DirectoryHandler
FontType:Type1
FontName:GaramondThree-Italic
FamilyName:Garamond 3
StyleName:Italic
MenuName:Garamond 3
StyleBits:1
WeightClass:400
WidthClass:5
AngleClass:1
FullName:Garamond Three Italic
WritingScript:Roman
OutlineFileName:\GaramThrIta
DataFormat:POSTResource
UsesStandardEncoding:yes
isCFF:no
FileLength:47567
FileModTime:1340101024
DesignSize:-1
%EndFont

%BeginFont
Handler:DirectoryHandler
FontType:Type1
FontName:GillSans-Bold
FamilyName:Gill Sans
StyleName:Bold
MenuName:GillSans
StyleBits:2
WeightClass:700
WidthClass:5
AngleClass:0
FullName:Gill Sans Bold
WritingScript:Roman
OutlineFileName:\GillSanBol
DataFormat:POSTResource
UsesStandardEncoding:yes
isCFF:no
FileLength:27036
FileModTime:1340101025
DesignSize:-1
%EndFont

%BeginFont
Handler:DirectoryHandler
FontType:Type1
FontName:GillSans-Light
FamilyName:Gill Sans
StyleName:Light
MenuName:GillSans Light
StyleBits:0
WeightClass:300
WidthClass:5
AngleClass:0
FullName:Gill Sans Light
WritingScript:Roman
OutlineFileName:\GillSanLig
DataFormat:POSTResource
UsesStandardEncoding:yes
isCFF:no
FileLength:26012
FileModTime:1340101028
DesignSize:-1
%EndFont

%BeginFont
Handler:DirectoryHandler
FontType:Suitcase
FontName:GillSans-Bold
OutlineFileName:\GillSans-Bold
ResourceID:5656
MacStyle:0
FileLength:28934
FileModTime:1340101025
%EndFont

%BeginFont
Handler:DirectoryHandler
FontType:Suitcase
FontName:GillSans-Light
OutlineFileName:\GillSans-Light
ResourceID:5660
MacStyle:0
FileLength:25995
FileModTime:1340101028
%EndFont

%BeginFont
Handler:DirectoryHandler
FontType:Type1
FontName:Grazia-A
FamilyName:Grazia
StyleName:A
MenuName:Grazia
StyleBits:0
WeightClass:400
WidthClass:5
AngleClass:0
FullName:Grazia A
WritingScript:Roman
OutlineFileName:\Grazia-A.otf
DataFormat:sfntData
UsesStandardEncoding:yes
isCFF:yes
FileLength:16852
FileModTime:1340101035
%EndFont

%BeginFont
Handler:DirectoryHandler
FontType:Type1
FontName:GrotesqueMT
FamilyName:Grotesque MT
StyleName:Regular
MenuName:Grotesque MT
StyleBits:0
WeightClass:400
WidthClass:5
AngleClass:0
FullName:Grotesque MT
WritingScript:Roman
OutlineFileName:\GroteMT
DataFormat:POSTResource
UsesStandardEncoding:yes
isCFF:no
FileLength:27653
FileModTime:1340101035
DesignSize:-1
%EndFont

%BeginFont
Handler:DirectoryHandler
FontType:Type1
FontName:GrotesqueMT-Black
FamilyName:Grotesque MT
StyleName:Black
MenuName:Grotesque MT Bl
StyleBits:2
WeightClass:900
WidthClass:5
AngleClass:0
FullName:Grotesque MT Black
WritingScript:Roman
OutlineFileName:\GroteMTBla
DataFormat:POSTResource
UsesStandardEncoding:yes
isCFF:no
FileLength:27893
FileModTime:1340101036
DesignSize:-1
%EndFont

%BeginFont
Handler:DirectoryHandler
FontType:Type1
FontName:GrotesqueMT-Bold
FamilyName:Grotesque MT
StyleName:Bold
MenuName:Grotesque MT
StyleBits:2
WeightClass:700
WidthClass:5
AngleClass:0
FullName:Grotesque MT Bold
WritingScript:Roman
OutlineFileName:\GroteMTBol
DataFormat:POSTResource
UsesStandardEncoding:yes
isCFF:no
FileLength:28332
FileModTime:1340101036
DesignSize:-1
%EndFont

%BeginFont
Handler:DirectoryHandler
FontType:Type1
FontName:GrotesqueMT-Light
FamilyName:Grotesque MT
StyleName:Light
MenuName:Grotesque MT Lt
StyleBits:0
WeightClass:300
WidthClass:5
AngleClass:0
FullName:Grotesque MT Light
WritingScript:Roman
OutlineFileName:\GroteMTLig
DataFormat:POSTResource
UsesStandardEncoding:yes
isCFF:no
FileLength:27615
FileModTime:1340101036
DesignSize:-1
%EndFont

%BeginFont
Handler:DirectoryHandler
FontType:Suitcase
FontName:GrotesqueMT
OutlineFileName:\GrotesqueMT
ResourceID:13922
MacStyle:0
FileLength:35809
FileModTime:1340101035
%EndFont

%BeginFont
Handler:DirectoryHandler
FontType:Suitcase
FontName:GrotesqueMT-Black
OutlineFileName:\GrotesqueMT-Black
ResourceID:13925
MacStyle:0
FileLength:30560
FileModTime:1340101035
%EndFont

%BeginFont
Handler:DirectoryHandler
FontType:Suitcase
FontName:GrotesqueMT-Bold
OutlineFileName:\GrotesqueMT-Bold
ResourceID:13924
MacStyle:0
FileLength:30594
FileModTime:1340101036
%EndFont

%BeginFont
Handler:DirectoryHandler
FontType:Suitcase
FontName:GrotesqueMT-Light
OutlineFileName:\GrotesqueMT-Light
ResourceID:13926
MacStyle:0
FileLength:31072
FileModTime:1340101036
%EndFont

%BeginFont
Handler:DirectoryHandler
FontType:Type1
FontName:HelveticaNeue-Light
FamilyName:Helvetica Neue
StyleName:45 Light
MenuName:Helvetica 45 Light
StyleBits:0
WeightClass:300
WidthClass:5
AngleClass:0
FullName:12 pt. Helvetica* 45 Light   02472
WritingScript:Roman
OutlineFileName:\HelveNeuLig
DataFormat:POSTResource
UsesStandardEncoding:yes
isCFF:no
FileLength:30807
FileModTime:1340101044
DesignSize:-1
%EndFont

%BeginFont
Handler:DirectoryHandler
FontType:Suitcase
FontName:HelveticaNeue-Light
OutlineFileName:\HelveticaNeue-Light.scr
ResourceID:14766
MacStyle:0
FileLength:5531
FileModTime:1340101044
%EndFont

%BeginFont
Handler:DirectoryHandler
FontType:Type1
FontName:LTCRemingtonTypewriterPro
FamilyName:LTC Remington Typewriter Pro
StyleName:Regular
MenuName:LTC Remington Typewriter Pro
StyleBits:0
WeightClass:400
WidthClass:5
AngleClass:0
FullName:LTC Remington Typewriter Pro
WritingScript:Roman
OutlineFileName:\LTCRemingtonTypewriterPro.otf
DataFormat:sfntData
UsesStandardEncoding:yes
isCFF:yes
FileLength:124276
FileModTime:1340101054
%EndFont

%BeginFont
Handler:DirectoryHandler
FontType:Type1
FontName:MinionPro-Regular
FamilyName:Minion Pro
StyleName:Regular
MenuName:Minion Pro
StyleBits:0
WeightClass:400
WidthClass:5
AngleClass:0
FullName:Minion Pro
WritingScript:Roman
OutlineFileName:\MinionPro-Regular.otf
DataFormat:sfntData
UsesStandardEncoding:yes
isCFF:yes
FileLength:231312
FileModTime:1328091702
DesignSize:110
%EndFont

%BeginFont
Handler:DirectoryHandler
FontType:Type1
FontName:Raleigh-DemiBold
FamilyName:Raleigh
StyleName:Demi
MenuName:Raleigh
StyleBits:2
WeightClass:600
WidthClass:5
AngleClass:0
FullName:Raleigh Demi Bold
WritingScript:Roman
OutlineFileName:\RaleiDemBol
DataFormat:POSTResource
UsesStandardEncoding:yes
isCFF:no
FileLength:33763
FileModTime:1340101062
DesignSize:-1
%EndFont

%BeginFont
Handler:DirectoryHandler
FontType:Suitcase
FontName:Raleigh-DemiBold
OutlineFileName:\Raleigh-DemiBold
ResourceID:13154
MacStyle:0
FileLength:25297
FileModTime:1340101062
%EndFont

%BeginFont
Handler:DirectoryHandler
FontType:Suitcase
FontName:Raleigh-Medium
OutlineFileName:\Raleigh-Medium
ResourceID:13155
MacStyle:0
FileLength:25933
FileModTime:1340101062
%EndFont

%BeginFont
Handler:DirectoryHandler
FontType:Type1
FontName:Raleigh-Medium
FamilyName:Raleigh
StyleName:Medium
MenuName:Raleigh Medium
StyleBits:0
WeightClass:500
WidthClass:5
AngleClass:0
FullName:Raleigh Medium
WritingScript:Roman
OutlineFileName:\RaleiMed
DataFormat:POSTResource
UsesStandardEncoding:yes
isCFF:no
FileLength:33623
FileModTime:1340101062
DesignSize:-1
%EndFont

%BeginFont
Handler:DirectoryHandler
FontType:TrueType
FontName:Times-Roman
FamilyName:Times
StyleName:Regular
MenuName:Times
StyleBits:0
WeightClass:400
WidthClass:5
AngleClass:0
FullName:Times Roman
WritingScript:Roman
OutlineFileName:\Times.dfont
DataFormat:sfntResource
ResourceID:13494
FileLength:1750051
FileModTime:1255687034
%EndFont

%BeginFont
Handler:DirectoryHandler
FontType:TrueType
FontName:Times-Bold
FamilyName:Times
StyleName:Bold
MenuName:Times
StyleBits:2
WeightClass:700
WidthClass:5
AngleClass:0
FullName:Times Bold
WritingScript:Roman
OutlineFileName:\Times.dfont
DataFormat:sfntResource
ResourceID:16697
FileLength:1750051
FileModTime:1255687034
%EndFont

%BeginFont
Handler:DirectoryHandler
FontType:TrueType
FontName:Times-Italic
FamilyName:Times
StyleName:Italic
MenuName:Times
StyleBits:1
WeightClass:400
WidthClass:5
AngleClass:1
FullName:Times Italic
WritingScript:Roman
OutlineFileName:\Times.dfont
DataFormat:sfntResource
ResourceID:21585
FileLength:1750051
FileModTime:1255687034
%EndFont

%BeginFont
Handler:DirectoryHandler
FontType:TrueType
FontName:Times-BoldItalic
FamilyName:Times
StyleName:Bold Italic
MenuName:Times
StyleBits:3
WeightClass:700
WidthClass:5
AngleClass:1
FullName:Times Bold Italic
WritingScript:Roman
OutlineFileName:\Times.dfont
DataFormat:sfntResource
ResourceID:22219
FileLength:1750051
FileModTime:1255687034
%EndFont

%BeginFont
Handler:DirectoryHandler
FontType:Suitcase
FontName:Times-Roman
OutlineFileName:\Times.dfont
ResourceID:20
MacStyle:0
FileLength:1750051
FileModTime:1255687034
%EndFont

%BeginFont
Handler:DirectoryHandler
FontType:Suitcase
FontName:Times-Bold
OutlineFileName:\Times.dfont
ResourceID:20
MacStyle:1
FileLength:1750051
FileModTime:1255687034
%EndFont

%BeginFont
Handler:DirectoryHandler
FontType:Suitcase
FontName:Times-Italic
OutlineFileName:\Times.dfont
ResourceID:20
MacStyle:2
FileLength:1750051
FileModTime:1255687034
%EndFont

%BeginFont
Handler:DirectoryHandler
FontType:Suitcase
FontName:Times-BoldItalic
OutlineFileName:\Times.dfont
ResourceID:20
MacStyle:3
FileLength:1750051
FileModTime:1255687034
%EndFont

%BeginFont
Handler:DirectoryHandler
FontType:TrueType
FontName:Webdings
FamilyName:Webdings
StyleName:Regular
MenuName:Webdings
StyleBits:0
WeightClass:400
WidthClass:5
AngleClass:0
FullName:Webdings
WritingScript:Roman
OutlineFileName:\Webdings.ttf
DataFormat:sfntData
FileLength:124308
FileModTime:1255687036
%EndFont

%BeginFont
Handler:DirectoryHandler
FontType:TrueType
FontName:Wingdings3
FamilyName:Wingdings 3
StyleName:Regular
MenuName:Wingdings 3
StyleBits:0
WeightClass:400
WidthClass:5
AngleClass:0
FullName:Wingdings 3
WritingScript:Roman
OutlineFileName:\Wingdings 3.ttf
DataFormat:sfntData
FileLength:38308
FileModTime:1255687036
%EndFont

%BeginFont
Handler:DirectoryHandler
FontType:Type1
FontName:ZapfDingbats
FamilyName:ITC Zapf Dingbats
StyleName:Medium
MenuName:ZapfDingbats
StyleBits:0
WeightClass:400
WidthClass:5
AngleClass:0
FullName:ITC Zapf Dingbats
WritingScript:Roman
OutlineFileName:\ZapfDin
DataFormat:POSTResource
UsesStandardEncoding:no
isCFF:no
FileLength:41966
FileModTime:1340101065
DesignSize:-1
%EndFont

%BeginFont
Handler:DirectoryHandler
FontType:Suitcase
FontName:ZapfDingbats
OutlineFileName:\ZapfDingbats.scr
ResourceID:13
MacStyle:0
FileLength:4462
FileModTime:1340101064
%EndFont

